../Core/Src/main.c:131:6:HAL_GPIO_EXTI_Callback	16	static
../Core/Src/main.c:142:8:map	32	static
../Core/Src/main.c:153:5:main	8	static
../Core/Src/main.c:261:6:SystemClock_Config	88	static
../Core/Src/main.c:309:13:MX_ADC1_Init	24	static
../Core/Src/main.c:361:13:MX_USART1_UART_Init	8	static
../Core/Src/main.c:394:13:MX_GPIO_Init	48	static
../Core/Src/main.c:441:6:StartTaskADC	48	static
../Core/Src/main.c:509:6:StartTaskCalc	40	static
../Core/Src/main.c:547:6:StartTaskSave	24	static
../Core/Src/main.c:577:6:StartTaskSend	80	static
../Core/Src/main.c:607:6:HAL_TIM_PeriodElapsedCallback	16	static
../Core/Src/main.c:624:6:Error_Handler	4	static,ignoring_inline_asm
