../Core/Src/main.c:101:8:map	32	static
../Core/Src/main.c:106:6:HAL_GPIO_EXTI_Callback	16	static
../Core/Src/main.c:123:5:main	8	static
../Core/Src/main.c:219:6:SystemClock_Config	88	static
../Core/Src/main.c:267:13:MX_ADC1_Init	24	static
../Core/Src/main.c:319:13:MX_USART1_UART_Init	8	static
../Core/Src/main.c:352:13:MX_GPIO_Init	48	static
../Core/Src/main.c:407:6:StartTask01	88	static
../Core/Src/main.c:457:6:StartTask02	48	static
../Core/Src/main.c:501:6:HAL_TIM_PeriodElapsedCallback	16	static
../Core/Src/main.c:519:6:Error_Handler	4	static,ignoring_inline_asm
