../Core/Src/main.c:106:6:HAL_GPIO_EXTI_Callback	16	static
../Core/Src/main.c:114:8:map	32	static
../Core/Src/main.c:125:5:main	8	static
../Core/Src/main.c:220:6:SystemClock_Config	88	static
../Core/Src/main.c:268:13:MX_ADC1_Init	24	static
../Core/Src/main.c:320:13:MX_USART1_UART_Init	8	static
../Core/Src/main.c:353:13:MX_GPIO_Init	48	static
../Core/Src/main.c:400:6:StartTaslADC	40	static
../Core/Src/main.c:448:6:StartTaskCalc	40	static
../Core/Src/main.c:485:6:StartTaskSend	56	static
../Core/Src/main.c:521:6:HAL_TIM_PeriodElapsedCallback	16	static
../Core/Src/main.c:538:6:Error_Handler	4	static,ignoring_inline_asm
