../Core/Src/main.c:108:5:main	8	static
../Core/Src/main.c:202:6:SystemClock_Config	88	static
../Core/Src/main.c:250:13:MX_USART1_UART_Init	8	static
../Core/Src/main.c:283:13:MX_GPIO_Init	40	static
../Core/Src/main.c:318:6:StartTask01	88	static
../Core/Src/main.c:355:6:StartTask02	88	static
../Core/Src/main.c:390:6:StartInitTask	16	static
../Core/Src/main.c:425:6:StartTask03	24	static
../Core/Src/main.c:449:6:HAL_TIM_PeriodElapsedCallback	16	static
../Core/Src/main.c:466:6:Error_Handler	4	static,ignoring_inline_asm
