08:09:44 **** Incremental Build of configuration Debug for project Atividade_06_Questao ****
make -j32 all 
arm-none-eabi-gcc "../Core/Src/main.c" -mcpu=cortex-m4 -std=gnu11 -g3 -DDEBUG -DUSE_HAL_DRIVER -DSTM32F446xx -c -I../Core/Inc -I../Drivers/STM32F4xx_HAL_Driver/Inc -I../Drivers/STM32F4xx_HAL_Driver/Inc/Legacy -I../Drivers/CMSIS/Device/ST/STM32F4xx/Include -I../Drivers/CMSIS/Include -I../Middlewares/Third_Party/FreeRTOS/Source/include -I../Middlewares/Third_Party/FreeRTOS/Source/CMSIS_RTOS_V2 -I../Middlewares/Third_Party/FreeRTOS/Source/portable/GCC/ARM_CM4F -O0 -ffunction-sections -fdata-sections -Wall -fstack-usage -fcyclomatic-complexity -MMD -MP -MF"Core/Src/main.d" -MT"Core/Src/main.o" --specs=nano.specs -mfpu=fpv4-sp-d16 -mfloat-abi=hard -mthumb -o "Core/Src/main.o"
arm-none-eabi-gcc -o "Atividade_06_Questao.elf" @"objects.list"   -mcpu=cortex-m4 -T"C:\Users\alexa\STM32CubeIDE\Atividade_06_Questoes\Atividade_06_Questao\STM32F446RETX_FLASH.ld" --specs=nosys.specs -Wl,-Map="Atividade_06_Questao.map" -Wl,--gc-sections -static --specs=nano.specs -mfpu=fpv4-sp-d16 -mfloat-abi=hard -mthumb -u _printf_float -Wl,--start-group -lc -lm -Wl,--end-group
Finished building target: Atividade_06_Questao.elf
 
arm-none-eabi-size  Atividade_06_Questao.elf 
arm-none-eabi-objdump -h -S Atividade_06_Questao.elf  > "Atividade_06_Questao.list"
   text	   data	    bss	    dec	    hex	filename
  44084	    472	  21072	  65628	  1005c	Atividade_06_Questao.elf
Finished building: default.size.stdout
 
Finished building: Atividade_06_Questao.list
 
09:12:30 **** Incremental Build of configuration Debug for project Atividade_06_Questao ****
make -j32 all 
arm-none-eabi-size  Atividade_06_Questao.elf 
   text	   data	    bss	    dec	    hex	filename
  44084	    472	  21072	  65628	  1005c	Atividade_06_Questao.elf
Finished building: default.size.stdout
 
